[debug] [2026-04-08T17:08:09.542Z] ----------------------------------------------------------------------
[debug] [2026-04-08T17:08:09.544Z] Command:       /usr/local/bin/firebase /Users/diana/.cache/firebase/tools/lib/node_modules/firebase-tools/lib/bin/firebase emulators:start --only auth
[debug] [2026-04-08T17:08:09.544Z] CLI Version:   10.9.0
[debug] [2026-04-08T17:08:09.544Z] Platform:      darwin
[debug] [2026-04-08T17:08:09.544Z] Node Version:  v12.18.1
[debug] [2026-04-08T17:08:09.545Z] Time:          Wed Apr 08 2026 20:08:09 GMT+0300 (Eastern European Summer Time)
[debug] [2026-04-08T17:08:09.545Z] ----------------------------------------------------------------------
[debug] 
[debug] [2026-04-08T17:08:09.603Z] Object "" in "firebase.json" has unknown property: {"additionalProperty":"auth"}
[debug] [2026-04-08T17:08:09.609Z] > command requires scopes: ["email","openid","https://www.googleapis.com/auth/cloudplatformprojects.readonly","https://www.googleapis.com/auth/firebase","https://www.googleapis.com/auth/cloud-platform"]
[debug] [2026-04-08T17:08:09.609Z] > authorizing via signed-in user (diana.kosashka@gmail.com)
[info] i  emulators: Starting emulators: auth {"metadata":{"emulator":{"name":"hub"},"message":"Starting emulators: auth"}}
[debug] [2026-04-08T17:08:09.626Z] [hub] writing locator at /var/folders/mm/p1rtfx0523s7spkdb7ch366r0000gn/T/hub-fmi-frameworks.json
[debug] [2026-04-08T17:08:15.921Z] Ignoring unsupported arg: auto_download {"metadata":{"emulator":{"name":"ui"},"message":"Ignoring unsupported arg: auto_download"}}
[debug] [2026-04-08T17:08:15.922Z] Ignoring unsupported arg: port {"metadata":{"emulator":{"name":"ui"},"message":"Ignoring unsupported arg: port"}}
[debug] [2026-04-08T17:08:15.922Z] Starting Emulator UI with command {"binary":"node","args":["/Users/diana/.cache/firebase/emulators/ui-v1.7.0/server.bundle.js"],"optionalArgs":[],"joinArgs":false} {"metadata":{"emulator":{"name":"ui"},"message":"Starting Emulator UI with command {\"binary\":\"node\",\"args\":[\"/Users/diana/.cache/firebase/emulators/ui-v1.7.0/server.bundle.js\"],\"optionalArgs\":[],\"joinArgs\":false}"}}
[info] i  ui: Emulator UI logging to ui-debug.log {"metadata":{"emulator":{"name":"ui"},"message":"Emulator UI logging to \u001b[1mui-debug.log\u001b[22m"}}
[debug] [2026-04-08T17:08:16.122Z] Web / API server started at localhost:4000
 {"metadata":{"emulator":{"name":"ui"},"message":"Web / API server started at localhost:4000\n"}}
[info] 
┌─────────────────────────────────────────────────────────────┐
│ ✔  All emulators ready! It is now safe to connect your app. │
│ i  View Emulator UI at http://localhost:4000                │
└─────────────────────────────────────────────────────────────┘

┌────────────────┬────────────────┬────────────────────────────┐
│ Emulator       │ Host:Port      │ View in Emulator UI        │
├────────────────┼────────────────┼────────────────────────────┤
│ Authentication │ localhost:9099 │ http://localhost:4000/auth │
└────────────────┴────────────────┴────────────────────────────┘
  Emulator Hub running at localhost:4400
  Other reserved ports: 4500

Issues? Report them at https://github.com/firebase/firebase-tools/issues and attach the *-debug.log files.
 
[warn] ⚠  Received a signed JWT. Auth Emulator does not validate JWTs and IS NOT SECURE {"metadata":{"emulator":{"name":"auth"},"message":"Received a signed JWT. Auth Emulator does not validate JWTs and IS NOT SECURE"}}
